// Jest Snapshot v1, https://goo.gl/fbAQLP

exports[`Profile should match the snapshot 1`] = `
<View
  style={
    Array [
      Object {
        "flex": 1,
        "justifyContent": "space-between",
        "padding": 16,
      },
      Object {
        "backgroundColor": undefined,
      },
    ]
  }
>
  <View
    style={
      Array [
        Object {
          "flexDirection": "row",
          "justifyContent": "space-evenly",
        },
        Object {
          "fontSize": 14,
          "fontWeight": "400",
        },
      ]
    }
  >
    <View
      style={
        Object {
          "width": "50%",
        }
      }
    >
      <Text
        style={
          Array [
            Object {
              "marginBottom": 16,
            },
            Object {
              "color": undefined,
            },
          ]
        }
      >
        Phone Number
      </Text>
      <Text
        style={
          Array [
            Object {
              "marginBottom": 16,
            },
            Object {
              "color": undefined,
            },
          ]
        }
      >
        Email
      </Text>
      <Text
        style={
          Array [
            Object {
              "marginBottom": 16,
            },
            Object {
              "color": undefined,
            },
          ]
        }
      >
        OEM Affiliation
      </Text>
    </View>
    <View
      style={
        Array [
          Object {
            "alignItems": "flex-end",
            "width": "50%",
          },
        ]
      }
    >
      <Text
        style={
          Object {
            "marginBottom": 16,
          }
        }
      >
        (123) 456 7890
      </Text>
      <Text
        style={
          Object {
            "marginBottom": 16,
          }
        }
      >
        agent@razor.com
      </Text>
      <Text
        style={
          Object {
            "marginBottom": 16,
          }
        }
      >
        OEM Name
      </Text>
    </View>
  </View>
  <View
    style={
      Object {
        "fontSize": 12,
        "fontWeight": "400",
      }
    }
  >
    <Text
      style={
        Array [
          Object {
            "marginBottom": 16,
          },
          Object {
            "color": undefined,
          },
        ]
      }
    >
      If youâ€™re having any trouble with the app or require any further information, please reach out to our support team:
    </Text>
    <Text
      style={
        Array [
          Object {
            "marginBottom": 16,
          },
          Object {
            "color": undefined,
            "fontWeight": "bold",
          },
        ]
      }
    >
      customerservice@razormi.com
    </Text>
    <Text
      style={
        Array [
          Object {
            "marginBottom": 16,
          },
          Object {
            "color": undefined,
            "fontWeight": "bold",
          },
        ]
      }
    >
      (123) 456 7890
    </Text>
    <View
      accessibilityState={
        Object {
          "disabled": false,
        }
      }
      accessible={true}
      collapsable={false}
      focusable={true}
      onClick={[Function]}
      onResponderGrant={[Function]}
      onResponderMove={[Function]}
      onResponderRelease={[Function]}
      onResponderTerminate={[Function]}
      onResponderTerminationRequest={[Function]}
      onStartShouldSetResponder={[Function]}
      style={
        Object {
          "alignItems": "center",
          "backgroundColor": "rgb(0, 122, 255)",
          "borderColor": "rgb(0, 122, 255)",
          "borderRadius": 3,
          "borderWidth": 1,
          "height": 40,
          "justifyContent": "center",
          "opacity": 1,
          "width": "100%",
        }
      }
    >
      <Text
        style={
          Array [
            Object {
              "color": undefined,
            },
            Object {
              "fontSize": 18,
              "fontWeight": "700",
            },
            null,
          ]
        }
      >
        Logout
      </Text>
    </View>
  </View>
</View>
`;
