// Jest Snapshot v1, https://goo.gl/fbAQLP

exports[`Home should match the snapshot 1`] = `
<View
  style={
    Object {
      "alignItems": "center",
      "flex": 1,
      "justifyContent": "center",
      "paddingHorizontal": 40,
    }
  }
>
  <Text
    style={
      Array [
        Object {
          "fontSize": 18,
          "fontWeight": "700",
        },
        Object {
          "color": "rgb(28, 28, 30)",
        },
      ]
    }
  >
    Welcome
     
    johndoe
  </Text>
  <Text
    style={
      Array [
        Object {
          "fontSize": 16,
          "fontWeight": "400",
        },
        Object {
          "color": "rgb(28, 28, 30)",
        },
      ]
    }
  >
    App variant: 
     
    TEST
  </Text>
  <View
    accessible={true}
    collapsable={false}
    focusable={true}
    onClick={[Function]}
    onResponderGrant={[Function]}
    onResponderMove={[Function]}
    onResponderRelease={[Function]}
    onResponderTerminate={[Function]}
    onResponderTerminationRequest={[Function]}
    onStartShouldSetResponder={[Function]}
    style={
      Object {
        "alignItems": "center",
        "borderColor": "rgb(216, 216, 216)",
        "borderRadius": 5,
        "borderWidth": 1,
        "justifyContent": "center",
        "marginTop": 24,
        "opacity": 1,
        "padding": 10,
        "width": "100%",
      }
    }
  >
    <Text
      style={
        Array [
          Object {
            "color": "rgb(28, 28, 30)",
          },
          Object {
            "fontSize": 16,
            "fontWeight": "700",
          },
          null,
        ]
      }
    >
      View customer profile
    </Text>
  </View>
</View>
`;
